I'm sorry, but errors were detected in your script. Please correct the
errors listed below, and try again.


File "game/script.rpy", line 2390: expected 'image_name_component' not found.
    scene "bg/cockland smp.jpg" with Dissolve(50)
          ^

File "game/script.rpy", line 2392: expected 'image_name_component' not found.
    show "char/sans ryuji2.jpg" with dissolve
         ^

Ren'Py Version: Ren'Py 8.2.1.24030407
Tue Apr  1 19:04:18 2025
